\BOOKMARK [1][-]{abstract.1}{\376\377\000A\000b\000s\000t\000r\000a\000c\000t}{}% 1
\BOOKMARK [0][-]{toc.0}{\376\377\000C\000o\000n\000t\000e\000n\000t\000s}{}% 2
\BOOKMARK [0][-]{listoffigures}{\376\377\000L\000i\000s\000t\000\040\000o\000f\000\040\000F\000i\000g\000u\000r\000e\000s}{}% 3
\BOOKMARK [0][-]{listoftables}{\376\377\000L\000i\000s\000t\000\040\000o\000f\000\040\000T\000a\000b\000l\000e\000s}{}% 4
\BOOKMARK [0][-]{glossary}{\376\377\000G\000l\000o\000s\000s\000a\000r\000y}{}% 5
\BOOKMARK [0][-]{acronym}{\376\377\000A\000c\000r\000o\000n\000y\000m\000s}{}% 6
\BOOKMARK [0][-]{symbol}{\376\377\000S\000y\000m\000b\000o\000l\000s}{}% 7
\BOOKMARK [0][-]{chapter.1}{\376\377\0001\000.\000\040\000P\000r\000e\000f\000a\000c\000e}{}% 8
\BOOKMARK [0][-]{chapter.2}{\376\377\0002\000.\000\040\000I\000n\000t\000r\000o\000d\000u\000c\000t\000i\000o\000n\000:\000\040\000H\000a\000r\000d\000w\000a\000r\000e\000\040\000M\000e\000e\000t\000s\000\040\000A\000l\000g\000o\000r\000i\000t\000h\000m\000s}{}% 9
\BOOKMARK [1][-]{section.2.1}{\376\377\0002\000.\0001\000.\000\040\000T\000h\000e\000\040\000G\000r\000a\000n\000d\000\040\000C\000h\000a\000l\000l\000e\000n\000g\000e\000:\000\040\000R\000e\000a\000l\000-\000T\000i\000m\000e\000\040\000R\000o\000b\000o\000t\000i\000c\000s\000\040\000a\000t\000\040\000S\000c\000a\000l\000e}{chapter.2}% 10
\BOOKMARK [1][-]{section.2.2}{\376\377\0002\000.\0002\000.\000\040\000H\000a\000r\000d\000w\000a\000r\000e\000\040\000L\000i\000m\000i\000t\000a\000t\000i\000o\000n\000s\000:\000\040\000T\000h\000e\000\040\000V\000o\000n\000\040\000N\000e\000u\000m\000a\000n\000n\000\040\000B\000o\000t\000t\000l\000e\000n\000e\000c\000k}{chapter.2}% 11
\BOOKMARK [1][-]{section.2.3}{\376\377\0002\000.\0003\000.\000\040\000A\000\040\000D\000i\000f\000f\000e\000r\000e\000n\000t\000\040\000A\000p\000p\000r\000o\000a\000c\000h\000:\000\040\000N\000e\000u\000r\000o\000m\000o\000r\000p\000h\000i\000c\000\040\000H\000a\000r\000d\000w\000a\000r\000e}{chapter.2}% 12
\BOOKMARK [1][-]{section.2.4}{\376\377\0002\000.\0004\000.\000\040\000D\000e\000e\000p\000\040\000D\000i\000v\000e\000:\000\040\000C\000o\000a\000l\000i\000t\000i\000o\000n\000\040\000T\000a\000s\000k\000\040\000A\000l\000l\000o\000c\000a\000t\000i\000o\000n\000\040\000v\000i\000a\000\040\000O\000I\000M}{chapter.2}% 13
\BOOKMARK [2][-]{subsection.2.4.1}{\376\377\0002\000.\0004\000.\0001\000.\000\040\000T\000h\000e\000\040\000P\000r\000o\000b\000l\000e\000m\000:\000\040\000C\000o\000m\000b\000i\000n\000a\000t\000o\000r\000i\000a\000l\000\040\000E\000x\000p\000l\000o\000s\000i\000o\000n}{section.2.4}% 14
\BOOKMARK [2][-]{subsection.2.4.2}{\376\377\0002\000.\0004\000.\0002\000.\000\040\000T\000h\000e\000\040\000O\000I\000M\000\040\000S\000o\000l\000u\000t\000i\000o\000n}{section.2.4}% 15
\BOOKMARK [2][-]{subsection.2.4.3}{\376\377\0002\000.\0004\000.\0003\000.\000\040\000W\000h\000y\000\040\000T\000h\000i\000s\000\040\000W\000o\000r\000k\000s}{section.2.4}% 16
\BOOKMARK [1][-]{section.2.5}{\376\377\0002\000.\0005\000.\000\040\000D\000e\000e\000p\000\040\000D\000i\000v\000e\000:\000\040\000M\000o\000d\000e\000l\000\040\000P\000r\000e\000d\000i\000c\000t\000i\000v\000e\000\040\000C\000o\000n\000t\000r\000o\000l\000\040\000v\000i\000a\000\040\000S\000N\000N}{chapter.2}% 17
\BOOKMARK [2][-]{subsection.2.5.1}{\376\377\0002\000.\0005\000.\0001\000.\000\040\000T\000h\000e\000\040\000C\000o\000n\000t\000r\000o\000l\000\040\000P\000r\000o\000b\000l\000e\000m\000:\000\040\000R\000e\000a\000l\000-\000T\000i\000m\000e\000\040\000R\000e\000c\000e\000d\000i\000n\000g\000\040\000H\000o\000r\000i\000z\000o\000n}{section.2.5}% 18
\BOOKMARK [2][-]{subsection.2.5.2}{\376\377\0002\000.\0005\000.\0002\000.\000\040\000T\000h\000e\000\040\000S\000N\000N\000-\000M\000P\000C\000\040\000S\000o\000l\000u\000t\000i\000o\000n}{section.2.5}% 19
\BOOKMARK [1][-]{section.2.6}{\376\377\0002\000.\0006\000.\000\040\000W\000h\000y\000\040\000T\000h\000i\000s\000\040\000T\000h\000e\000s\000i\000s\000\040\000M\000a\000t\000t\000e\000r\000s\000:\000\040\000T\000h\000r\000e\000e\000\040\000C\000o\000r\000e\000\040\000C\000o\000n\000t\000r\000i\000b\000u\000t\000i\000o\000n\000s}{chapter.2}% 20
\BOOKMARK [2][-]{subsection.2.6.1}{\376\377\0002\000.\0006\000.\0001\000.\000\040\000C\000o\000n\000t\000r\000i\000b\000u\000t\000i\000o\000n\000\040\0001\000:\000\040\000M\000a\000t\000h\000e\000m\000a\000t\000i\000c\000a\000l\000\040\000V\000a\000l\000i\000d\000a\000t\000i\000o\000n\000\040\000o\000f\000\040\000M\000R\000T\000A\000\040\000v\000i\000a\000\040\000O\000I\000M}{section.2.6}% 21
\BOOKMARK [2][-]{subsection.2.6.2}{\376\377\0002\000.\0006\000.\0002\000.\000\040\000C\000o\000n\000t\000r\000i\000b\000u\000t\000i\000o\000n\000\040\0002\000:\000\040\000C\000o\000m\000p\000l\000e\000t\000e\000\040\000S\000N\000N\000-\000M\000P\000C\000\040\000D\000e\000r\000i\000v\000a\000t\000i\000o\000n}{section.2.6}% 22
\BOOKMARK [2][-]{subsection.2.6.3}{\376\377\0002\000.\0006\000.\0003\000.\000\040\000C\000o\000n\000t\000r\000i\000b\000u\000t\000i\000o\000n\000\040\0003\000:\000\040\000R\000e\000p\000r\000o\000d\000u\000c\000i\000b\000l\000e\000\040\000F\000r\000a\000m\000e\000w\000o\000r\000k}{section.2.6}% 23
\BOOKMARK [1][-]{section.2.7}{\376\377\0002\000.\0007\000.\000\040\000H\000o\000w\000\040\000T\000h\000i\000s\000\040\000T\000h\000e\000s\000i\000s\000\040\000i\000s\000\040\000O\000r\000g\000a\000n\000i\000z\000e\000d}{chapter.2}% 24
\BOOKMARK [0][-]{chapter.3}{\376\377\0003\000.\000\040\000L\000i\000t\000e\000r\000a\000t\000u\000r\000e\000\040\000R\000e\000v\000i\000e\000w\000\040\000a\000n\000d\000\040\000B\000a\000c\000k\000g\000r\000o\000u\000n\000d}{}% 25
\BOOKMARK [1][-]{section.3.1}{\376\377\0003\000.\0001\000.\000\040\000O\000v\000e\000r\000v\000i\000e\000w\000:\000\040\000T\000h\000r\000e\000e\000\040\000C\000o\000n\000v\000e\000r\000g\000i\000n\000g\000\040\000F\000r\000o\000n\000t\000i\000e\000r\000s}{chapter.3}% 26
\BOOKMARK [1][-]{section.3.2}{\376\377\0003\000.\0002\000.\000\040\000F\000r\000o\000n\000t\000i\000e\000r\000\040\0001\000:\000\040\000I\000s\000i\000n\000g\000\040\000F\000o\000r\000m\000u\000l\000a\000t\000i\000o\000n\000s\000\040\000a\000n\000d\000\040\000O\000p\000t\000i\000m\000i\000z\000a\000t\000i\000o\000n}{chapter.3}% 27
\BOOKMARK [2][-]{subsection.3.2.1}{\376\377\0003\000.\0002\000.\0001\000.\000\040\000U\000n\000i\000v\000e\000r\000s\000a\000l\000i\000t\000y\000\040\000o\000f\000\040\000I\000s\000i\000n\000g\000\040\000H\000a\000m\000i\000l\000t\000o\000n\000i\000a\000n\000s}{section.3.2}% 28
\BOOKMARK [2][-]{subsection.3.2.2}{\376\377\0003\000.\0002\000.\0002\000.\000\040\000Q\000U\000B\000O\000-\000I\000s\000i\000n\000g\000\040\000E\000q\000u\000i\000v\000a\000l\000e\000n\000c\000e}{section.3.2}% 29
\BOOKMARK [2][-]{subsection.3.2.3}{\376\377\0003\000.\0002\000.\0003\000.\000\040\000W\000h\000y\000\040\000T\000h\000i\000s\000\040\000M\000a\000t\000t\000e\000r\000s\000\040\000f\000o\000r\000\040\000R\000o\000b\000o\000t\000i\000c\000s}{section.3.2}% 30
\BOOKMARK [1][-]{section.3.3}{\376\377\0003\000.\0003\000.\000\040\000O\000s\000c\000i\000l\000l\000a\000t\000o\000r\000\040\000I\000s\000i\000n\000g\000\040\000M\000a\000c\000h\000i\000n\000e\000s}{chapter.3}% 31
\BOOKMARK [2][-]{subsection.3.3.1}{\376\377\0003\000.\0003\000.\0001\000.\000\040\000T\000h\000e\000o\000r\000e\000t\000i\000c\000a\000l\000\040\000F\000o\000u\000n\000d\000a\000t\000i\000o\000n}{section.3.3}% 32
\BOOKMARK [2][-]{subsection.3.3.2}{\376\377\0003\000.\0003\000.\0002\000.\000\040\000O\000I\000M\000\040\000M\000e\000c\000h\000a\000n\000i\000s\000m}{section.3.3}% 33
\BOOKMARK [1][-]{section.3.4}{\376\377\0003\000.\0004\000.\000\040\000M\000u\000l\000t\000i\000-\000R\000o\000b\000o\000t\000\040\000T\000a\000s\000k\000\040\000A\000l\000l\000o\000c\000a\000t\000i\000o\000n}{chapter.3}% 34
\BOOKMARK [2][-]{subsection.3.4.1}{\376\377\0003\000.\0004\000.\0001\000.\000\040\000C\000o\000m\000p\000u\000t\000a\000t\000i\000o\000n\000a\000l\000\040\000H\000a\000r\000d\000n\000e\000s\000s}{section.3.4}% 35
\BOOKMARK [1][-]{section.3.5}{\376\377\0003\000.\0005\000.\000\040\000M\000o\000d\000e\000l\000\040\000P\000r\000e\000d\000i\000c\000t\000i\000v\000e\000\040\000C\000o\000n\000t\000r\000o\000l}{chapter.3}% 36
\BOOKMARK [2][-]{subsection.3.5.1}{\376\377\0003\000.\0005\000.\0001\000.\000\040\000M\000P\000C\000\040\000F\000u\000n\000d\000a\000m\000e\000n\000t\000a\000l\000s}{section.3.5}% 37
\BOOKMARK [2][-]{subsection.3.5.2}{\376\377\0003\000.\0005\000.\0002\000.\000\040\000R\000e\000a\000l\000-\000T\000i\000m\000e\000\040\000C\000o\000m\000p\000u\000t\000a\000t\000i\000o\000n\000a\000l\000\040\000B\000o\000t\000t\000l\000e\000n\000e\000c\000k}{section.3.5}% 38
\BOOKMARK [2][-]{subsection.3.5.3}{\376\377\0003\000.\0005\000.\0003\000.\000\040\000N\000e\000u\000r\000o\000m\000o\000r\000p\000h\000i\000c\000\040\000S\000o\000l\000u\000t\000i\000o\000n\000\040\000A\000p\000p\000r\000o\000a\000c\000h}{section.3.5}% 39
\BOOKMARK [1][-]{section.3.6}{\376\377\0003\000.\0006\000.\000\040\000N\000e\000u\000r\000o\000m\000o\000r\000p\000h\000i\000c\000\040\000C\000o\000m\000p\000u\000t\000i\000n\000g\000\040\000P\000l\000a\000t\000f\000o\000r\000m\000s}{chapter.3}% 40
\BOOKMARK [0][-]{chapter.4}{\376\377\0004\000.\000\040\000S\000y\000s\000t\000e\000m\000\040\000A\000r\000c\000h\000i\000t\000e\000c\000t\000u\000r\000e\000:\000\040\000T\000h\000e\000\040\000B\000i\000t\000s\000-\000t\000o\000-\000A\000t\000o\000m\000s\000\040\000S\000t\000a\000c\000k}{}% 41
\BOOKMARK [1][-]{section.4.1}{\376\377\0004\000.\0001\000.\000\040\000D\000e\000s\000i\000g\000n\000\040\000P\000h\000i\000l\000o\000s\000o\000p\000h\000y\000:\000\040\000H\000a\000r\000d\000w\000a\000r\000e\000-\000A\000l\000g\000o\000r\000i\000t\000h\000m\000\040\000C\000o\000-\000D\000e\000s\000i\000g\000n}{chapter.4}% 42
\BOOKMARK [1][-]{section.4.2}{\376\377\0004\000.\0002\000.\000\040\000T\000h\000e\000\040\0004\000-\000L\000a\000y\000e\000r\000\040\000B\000i\000t\000s\000-\000t\000o\000-\000A\000t\000o\000m\000s\000\040\000S\000t\000a\000c\000k}{chapter.4}% 43
\BOOKMARK [2][-]{subsection.4.2.1}{\376\377\0004\000.\0002\000.\0001\000.\000\040\000L\000a\000y\000e\000r\000\040\0001\000:\000\040\000P\000h\000y\000s\000i\000c\000a\000l\000\040\000W\000o\000r\000l\000d}{section.4.2}% 44
\BOOKMARK [2][-]{subsection.4.2.2}{\376\377\0004\000.\0002\000.\0002\000.\000\040\000L\000a\000y\000e\000r\000\040\0002\000:\000\040\000N\000e\000u\000r\000o\000m\000o\000r\000p\000h\000i\000c\000\040\000H\000a\000r\000d\000w\000a\000r\000e}{section.4.2}% 45
\BOOKMARK [2][-]{subsection.4.2.3}{\376\377\0004\000.\0002\000.\0003\000.\000\040\000L\000a\000y\000e\000r\000\040\0003\000:\000\040\000M\000a\000t\000h\000e\000m\000a\000t\000i\000c\000a\000l\000\040\000E\000n\000c\000o\000d\000i\000n\000g}{section.4.2}% 46
\BOOKMARK [2][-]{subsection.4.2.4}{\376\377\0004\000.\0002\000.\0004\000.\000\040\000L\000a\000y\000e\000r\000\040\0004\000:\000\040\000P\000r\000o\000b\000l\000e\000m\000\040\000F\000o\000r\000m\000u\000l\000a\000t\000i\000o\000n}{section.4.2}% 47
\BOOKMARK [1][-]{section.4.3}{\376\377\0004\000.\0003\000.\000\040\000O\000I\000M\000\040\000v\000s\000\040\000S\000N\000N\000\040\000U\000s\000e\000\040\000C\000a\000s\000e\000s}{chapter.4}% 48
\BOOKMARK [1][-]{section.4.4}{\376\377\0004\000.\0004\000.\000\040\000T\000r\000a\000d\000e\000-\000o\000f\000f\000\040\000S\000p\000a\000c\000e}{chapter.4}% 49
\BOOKMARK [0][-]{chapter.5}{\376\377\0005\000.\000\040\000C\000o\000a\000l\000i\000t\000i\000o\000n\000\040\000M\000u\000l\000t\000i\000-\000R\000o\000b\000o\000t\000\040\000T\000a\000s\000k\000\040\000A\000l\000l\000o\000c\000a\000t\000i\000o\000n\000\040\000v\000i\000a\000\040\000O\000s\000c\000i\000l\000l\000a\000t\000o\000r\000\040\000I\000s\000i\000n\000g\000\040\000M\000a\000c\000h\000i\000n\000e}{}% 50
\BOOKMARK [1][-]{section.5.1}{\376\377\0005\000.\0001\000.\000\040\000M\000o\000t\000i\000v\000a\000t\000i\000n\000g\000\040\000S\000c\000e\000n\000a\000r\000i\000o\000:\000\040\000T\000h\000e\000\040\000W\000a\000r\000e\000h\000o\000u\000s\000e\000\040\000F\000l\000o\000o\000r}{chapter.5}% 51
\BOOKMARK [1][-]{section.5.2}{\376\377\0005\000.\0002\000.\000\040\000M\000a\000t\000h\000e\000m\000a\000t\000i\000c\000a\000l\000\040\000P\000r\000o\000b\000l\000e\000m\000\040\000F\000o\000r\000m\000u\000l\000a\000t\000i\000o\000n}{chapter.5}% 52
\BOOKMARK [2][-]{subsection.5.2.1}{\376\377\0005\000.\0002\000.\0001\000.\000\040\000W\000o\000r\000k\000e\000d\000\040\000E\000x\000a\000m\000p\000l\000e\000:\000\040\0003\000\040\000R\000o\000b\000o\000t\000s\000,\000\040\0002\000\040\000T\000a\000s\000k\000s}{section.5.2}% 53
\BOOKMARK [1][-]{section.5.3}{\376\377\0005\000.\0003\000.\000\040\000F\000r\000o\000m\000\040\000M\000R\000T\000A\000\040\000t\000o\000\040\000M\000a\000x\000i\000m\000u\000m\000\040\000W\000e\000i\000g\000h\000t\000\040\000I\000n\000d\000e\000p\000e\000n\000d\000e\000n\000t\000\040\000S\000e\000t}{chapter.5}% 54
\BOOKMARK [1][-]{section.5.4}{\376\377\0005\000.\0004\000.\000\040\000Q\000U\000B\000O\000\040\000F\000o\000r\000m\000u\000l\000a\000t\000i\000o\000n}{chapter.5}% 55
\BOOKMARK [2][-]{subsection.5.4.1}{\376\377\0005\000.\0004\000.\0001\000.\000\040\000T\000h\000e\000\040\000P\000e\000n\000a\000l\000t\000y\000\040\000M\000e\000t\000h\000o\000d}{section.5.4}% 56
\BOOKMARK [2][-]{subsection.5.4.2}{\376\377\0005\000.\0004\000.\0002\000.\000\040\000Q\000U\000B\000O\000\040\000M\000a\000t\000r\000i\000x}{section.5.4}% 57
\BOOKMARK [2][-]{subsection.5.4.3}{\376\377\0005\000.\0004\000.\0003\000.\000\040\000V\000e\000r\000i\000f\000i\000c\000a\000t\000i\000o\000n\000:\000\040\000Q\000U\000B\000O\000\040\000M\000i\000n\000i\000m\000i\000z\000e\000r\000\040\000i\000s\000\040\000M\000W\000I\000S}{section.5.4}% 58
\BOOKMARK [1][-]{section.5.5}{\376\377\0005\000.\0005\000.\000\040\000I\000s\000i\000n\000g\000\040\000H\000a\000m\000i\000l\000t\000o\000n\000i\000a\000n\000\040\000M\000a\000p\000p\000i\000n\000g}{chapter.5}% 59
\BOOKMARK [1][-]{section.5.6}{\376\377\0005\000.\0006\000.\000\040\000O\000I\000M\000\040\000D\000y\000n\000a\000m\000i\000c\000s\000\040\000a\000n\000d\000\040\000H\000a\000r\000d\000w\000a\000r\000e\000\040\000M\000a\000p\000p\000i\000n\000g}{chapter.5}% 60
\BOOKMARK [2][-]{subsection.5.6.1}{\376\377\0005\000.\0006\000.\0001\000.\000\040\000C\000o\000u\000p\000l\000e\000d\000\040\000O\000s\000c\000i\000l\000l\000a\000t\000o\000r\000\040\000D\000y\000n\000a\000m\000i\000c\000s}{section.5.6}% 61
\BOOKMARK [2][-]{subsection.5.6.2}{\376\377\0005\000.\0006\000.\0002\000.\000\040\000C\000o\000n\000n\000e\000c\000t\000i\000o\000n\000\040\000t\000o\000\040\000I\000s\000i\000n\000g\000\040\000H\000a\000m\000i\000l\000t\000o\000n\000i\000a\000n\000s}{section.5.6}% 62
\BOOKMARK [2][-]{subsection.5.6.3}{\376\377\0005\000.\0006\000.\0003\000.\000\040\000P\000h\000a\000s\000e\000\040\000B\000i\000n\000a\000r\000i\000z\000a\000t\000i\000o\000n}{section.5.6}% 63
\BOOKMARK [2][-]{subsection.5.6.4}{\376\377\0005\000.\0006\000.\0004\000.\000\040\000M\000a\000p\000p\000i\000n\000g\000\040\000Q\000U\000B\000O\000\040\000t\000o\000\040\000O\000I\000M}{section.5.6}% 64
\BOOKMARK [1][-]{section.5.7}{\376\377\0005\000.\0007\000.\000\040\000H\000a\000r\000d\000w\000a\000r\000e\000-\000A\000w\000a\000r\000e\000\040\000S\000c\000a\000l\000a\000b\000i\000l\000i\000t\000y}{chapter.5}% 65
\BOOKMARK [2][-]{subsection.5.7.1}{\376\377\0005\000.\0007\000.\0001\000.\000\040\000H\000a\000r\000d\000w\000a\000r\000e\000\040\000C\000a\000p\000a\000c\000i\000t\000y}{section.5.7}% 66
\BOOKMARK [2][-]{subsection.5.7.2}{\376\377\0005\000.\0007\000.\0002\000.\000\040\000R\000e\000d\000u\000c\000t\000i\000o\000n\000\040\000S\000t\000r\000a\000t\000e\000g\000y\000\040\0001\000:\000\040\000C\000o\000a\000l\000i\000t\000i\000o\000n\000\040\000B\000o\000u\000n\000d\000i\000n\000g\000\040\000\050\000C\000B\000\051}{section.5.7}% 67
\BOOKMARK [2][-]{subsection.5.7.3}{\376\377\0005\000.\0007\000.\0003\000.\000\040\000R\000e\000d\000u\000c\000t\000i\000o\000n\000\040\000S\000t\000r\000a\000t\000e\000g\000y\000\040\0002\000:\000\040\000S\000p\000a\000t\000i\000a\000l\000\040\000P\000r\000o\000x\000i\000m\000i\000t\000y\000\040\000P\000r\000u\000n\000i\000n\000g\000\040\000\050\000S\000P\000\051}{section.5.7}% 68
\BOOKMARK [2][-]{subsection.5.7.4}{\376\377\0005\000.\0007\000.\0004\000.\000\040\000R\000e\000d\000u\000c\000t\000i\000o\000n\000\040\000S\000t\000r\000a\000t\000e\000g\000y\000\040\0003\000:\000\040\000G\000r\000a\000p\000h\000\040\000D\000e\000c\000o\000m\000p\000o\000s\000i\000t\000i\000o\000n}{section.5.7}% 69
\BOOKMARK [1][-]{section.5.8}{\376\377\0005\000.\0008\000.\000\040\000T\000h\000e\000\040\000H\000y\000b\000r\000i\000d\000\040\000P\000i\000p\000e\000l\000i\000n\000e}{chapter.5}% 70
\BOOKMARK [2][-]{subsection.5.8.1}{\376\377\0005\000.\0008\000.\0001\000.\000\040\000S\000y\000s\000t\000e\000m\000\040\000A\000r\000c\000h\000i\000t\000e\000c\000t\000u\000r\000e}{section.5.8}% 71
\BOOKMARK [2][-]{subsection.5.8.2}{\376\377\0005\000.\0008\000.\0002\000.\000\040\000T\000i\000m\000i\000n\000g\000\040\000A\000n\000a\000l\000y\000s\000i\000s}{section.5.8}% 72
\BOOKMARK [2][-]{subsection.5.8.3}{\376\377\0005\000.\0008\000.\0003\000.\000\040\000F\000e\000a\000s\000i\000b\000i\000l\000i\000t\000y\000\040\000f\000o\000r\000\040\000R\000o\000b\000o\000t\000i\000c\000s}{section.5.8}% 73
\BOOKMARK [1][-]{section.5.9}{\376\377\0005\000.\0009\000.\000\040\000F\000a\000i\000l\000u\000r\000e\000\040\000M\000o\000d\000e\000s\000\040\000a\000n\000d\000\040\000H\000o\000n\000e\000s\000t\000\040\000L\000i\000m\000i\000t\000a\000t\000i\000o\000n\000s}{chapter.5}% 74
\BOOKMARK [2][-]{subsection.5.9.1}{\376\377\0005\000.\0009\000.\0001\000.\000\040\000L\000o\000c\000a\000l\000\040\000M\000i\000n\000i\000m\000a\000\040\000o\000n\000\040\000D\000e\000n\000s\000e\000\040\000G\000r\000a\000p\000h\000s}{section.5.9}% 75
\BOOKMARK [2][-]{subsection.5.9.2}{\376\377\0005\000.\0009\000.\0002\000.\000\040\000C\000a\000l\000i\000b\000r\000a\000t\000i\000o\000n\000\040\000S\000e\000n\000s\000i\000t\000i\000v\000i\000t\000y}{section.5.9}% 76
\BOOKMARK [2][-]{subsection.5.9.3}{\376\377\0005\000.\0009\000.\0003\000.\000\040\000S\000t\000a\000t\000i\000c\000\040\000P\000r\000o\000b\000l\000e\000m\000\040\000A\000s\000s\000u\000m\000p\000t\000i\000o\000n}{section.5.9}% 77
\BOOKMARK [2][-]{subsection.5.9.4}{\376\377\0005\000.\0009\000.\0004\000.\000\040\000C\000o\000u\000p\000l\000i\000n\000g\000\040\000R\000e\000p\000r\000o\000g\000r\000a\000m\000m\000i\000n\000g\000\040\000L\000a\000t\000e\000n\000c\000y}{section.5.9}% 78
\BOOKMARK [2][-]{subsection.5.9.5}{\376\377\0005\000.\0009\000.\0005\000.\000\040\000S\000u\000m\000m\000a\000r\000y}{section.5.9}% 79
\BOOKMARK [1][-]{section.5.10}{\376\377\0005\000.\0001\0000\000.\000\040\000O\000I\000M\000\040\000D\000y\000n\000a\000m\000i\000c\000s}{chapter.5}% 80
\BOOKMARK [1][-]{section.5.11}{\376\377\0005\000.\0001\0001\000.\000\040\000R\000e\000s\000u\000l\000t\000s}{chapter.5}% 81
\BOOKMARK [2][-]{subsection.5.11.1}{\376\377\0005\000.\0001\0001\000.\0001\000.\000\040\000S\000c\000a\000l\000a\000b\000i\000l\000i\000t\000y\000\040\000A\000n\000a\000l\000y\000s\000i\000s}{section.5.11}% 82
\BOOKMARK [0][-]{chapter.6}{\376\377\0006\000.\000\040\000M\000o\000d\000e\000l\000\040\000P\000r\000e\000d\000i\000c\000t\000i\000v\000e\000\040\000C\000o\000n\000t\000r\000o\000l\000\040\000v\000i\000a\000\040\000S\000p\000i\000k\000i\000n\000g\000\040\000N\000e\000u\000r\000a\000l\000\040\000N\000e\000t\000w\000o\000r\000k\000s}{}% 83
\BOOKMARK [1][-]{section.6.1}{\376\377\0006\000.\0001\000.\000\040\000R\000o\000b\000o\000t\000\040\000D\000y\000n\000a\000m\000i\000c\000s}{chapter.6}% 84
\BOOKMARK [2][-]{subsection.6.1.1}{\376\377\0006\000.\0001\000.\0001\000.\000\040\000P\000h\000y\000s\000i\000c\000a\000l\000\040\000P\000a\000r\000a\000m\000e\000t\000e\000r\000s}{section.6.1}% 85
\BOOKMARK [2][-]{subsection.6.1.2}{\376\377\0006\000.\0001\000.\0002\000.\000\040\000L\000a\000g\000r\000a\000n\000g\000i\000a\000n\000\040\000E\000q\000u\000a\000t\000i\000o\000n\000s\000\040\000o\000f\000\040\000M\000o\000t\000i\000o\000n}{section.6.1}% 86
\BOOKMARK [1][-]{section.6.2}{\376\377\0006\000.\0002\000.\000\040\000L\000i\000n\000e\000a\000r\000i\000z\000a\000t\000i\000o\000n\000\040\000A\000r\000o\000u\000n\000d\000\040\000E\000q\000u\000i\000l\000i\000b\000r\000i\000u\000m}{chapter.6}% 87
\BOOKMARK [2][-]{subsection.6.2.1}{\376\377\0006\000.\0002\000.\0001\000.\000\040\000V\000a\000l\000i\000d\000a\000t\000i\000o\000n\000\040\000a\000n\000d\000\040\000C\000a\000s\000e\000s}{section.6.2}% 88
\BOOKMARK [1][-]{section.6.3}{\376\377\0006\000.\0003\000.\000\040\000M\000o\000d\000e\000l\000\040\000P\000r\000e\000d\000i\000c\000t\000i\000v\000e\000\040\000C\000o\000n\000t\000r\000o\000l\000\040\000F\000o\000r\000m\000u\000l\000a\000t\000i\000o\000n}{chapter.6}% 89
\BOOKMARK [2][-]{subsection.6.3.1}{\376\377\0006\000.\0003\000.\0001\000.\000\040\000D\000i\000s\000c\000r\000e\000t\000i\000z\000a\000t\000i\000o\000n}{section.6.3}% 90
\BOOKMARK [2][-]{subsection.6.3.2}{\376\377\0006\000.\0003\000.\0002\000.\000\040\000O\000p\000t\000i\000m\000a\000l\000\040\000C\000o\000n\000t\000r\000o\000l\000\040\000O\000b\000j\000e\000c\000t\000i\000v\000e}{section.6.3}% 91
\BOOKMARK [2][-]{subsection.6.3.3}{\376\377\0006\000.\0003\000.\0003\000.\000\040\000C\000o\000n\000s\000t\000r\000a\000i\000n\000t\000s\000\040\000a\000n\000d\000\040\000Q\000u\000a\000d\000r\000a\000t\000i\000c\000\040\000P\000r\000o\000g\000r\000a\000m}{section.6.3}% 92
\BOOKMARK [1][-]{section.6.4}{\376\377\0006\000.\0004\000.\000\040\000P\000r\000o\000p\000o\000r\000t\000i\000o\000n\000a\000l\000-\000I\000n\000t\000e\000g\000r\000a\000l\000\040\000P\000r\000o\000j\000e\000c\000t\000e\000d\000\040\000G\000r\000a\000d\000i\000e\000n\000t\000\040\000\050\000P\000I\000P\000G\000\051\000\040\000A\000l\000g\000o\000r\000i\000t\000h\000m}{chapter.6}% 93
\BOOKMARK [2][-]{subsection.6.4.1}{\376\377\0006\000.\0004\000.\0001\000.\000\040\000P\000I\000P\000G\000\040\000I\000t\000e\000r\000a\000t\000i\000o\000n}{section.6.4}% 94
\BOOKMARK [2][-]{subsection.6.4.2}{\376\377\0006\000.\0004\000.\0002\000.\000\040\000C\000o\000n\000v\000e\000r\000g\000e\000n\000c\000e\000\040\000P\000r\000o\000p\000e\000r\000t\000i\000e\000s}{section.6.4}% 95
\BOOKMARK [2][-]{subsection.6.4.3}{\376\377\0006\000.\0004\000.\0003\000.\000\040\000M\000a\000p\000p\000i\000n\000g\000\040\000t\000o\000\040\000S\000p\000i\000k\000i\000n\000g\000\040\000N\000e\000u\000r\000a\000l\000\040\000N\000e\000t\000w\000o\000r\000k\000s}{section.6.4}% 96
\BOOKMARK [1][-]{section.6.5}{\376\377\0006\000.\0005\000.\000\040\000N\000u\000m\000e\000r\000i\000c\000a\000l\000\040\000R\000e\000s\000u\000l\000t\000s\000\040\000\050\000S\000y\000n\000t\000h\000e\000t\000i\000c\000\040\000D\000a\000t\000a\000\051}{chapter.6}% 97
\BOOKMARK [1][-]{section.6.6}{\376\377\0006\000.\0006\000.\000\040\000E\000x\000t\000e\000n\000d\000e\000d\000\040\000A\000n\000a\000l\000y\000s\000i\000s\000:\000\040\000L\000i\000n\000e\000a\000r\000i\000z\000a\000t\000i\000o\000n\000\040\000a\000n\000d\000\040\000H\000o\000r\000i\000z\000o\000n\000\040\000E\000f\000f\000e\000c\000t\000s}{chapter.6}% 98
\BOOKMARK [0][-]{chapter.7}{\376\377\0007\000.\000\040\000E\000x\000p\000e\000r\000i\000m\000e\000n\000t\000a\000l\000\040\000R\000e\000s\000u\000l\000t\000s\000\040\000a\000n\000d\000\040\000V\000a\000l\000i\000d\000a\000t\000i\000o\000n}{}% 99
\BOOKMARK [1][-]{section.7.1}{\376\377\0007\000.\0001\000.\000\040\000O\000I\000M\000-\000M\000R\000T\000A\000\040\000V\000a\000l\000i\000d\000a\000t\000i\000o\000n\000\040\000\050\000R\000E\000A\000L\000\040\000D\000A\000T\000A\000\051}{chapter.7}% 100
\BOOKMARK [2][-]{subsection.7.1.1}{\376\377\0007\000.\0001\000.\0001\000.\000\040\0007\000-\000N\000o\000d\000e\000\040\000C\000a\000n\000o\000n\000i\000c\000a\000l\000\040\000E\000x\000a\000m\000p\000l\000e}{section.7.1}% 101
\BOOKMARK [2][-]{subsection.7.1.2}{\376\377\0007\000.\0001\000.\0002\000.\000\040\000S\000c\000a\000l\000a\000b\000i\000l\000i\000t\000y}{section.7.1}% 102
\BOOKMARK [1][-]{section.7.2}{\376\377\0007\000.\0002\000.\000\040\000P\000e\000n\000a\000l\000t\000y\000\040\000C\000o\000e\000f\000f\000i\000c\000i\000e\000n\000t\000\040\000V\000a\000l\000i\000d\000a\000t\000i\000o\000n}{chapter.7}% 103
\BOOKMARK [1][-]{section.7.3}{\376\377\0007\000.\0003\000.\000\040\000S\000N\000N\000-\000M\000P\000C\000\040\000R\000e\000s\000u\000l\000t\000s\000\040\000\050\000S\000Y\000N\000T\000H\000E\000T\000I\000C\000\040\000D\000A\000T\000A\000\051}{chapter.7}% 104
\BOOKMARK [2][-]{subsection.7.3.1}{\376\377\0007\000.\0003\000.\0001\000.\000\040\000C\000o\000n\000v\000e\000r\000g\000e\000n\000c\000e}{section.7.3}% 105
\BOOKMARK [2][-]{subsection.7.3.2}{\376\377\0007\000.\0003\000.\0002\000.\000\040\000E\000n\000e\000r\000g\000y\000\040\000E\000f\000f\000i\000c\000i\000e\000n\000c\000y}{section.7.3}% 106
\BOOKMARK [1][-]{section.7.4}{\376\377\0007\000.\0004\000.\000\040\000C\000o\000m\000p\000r\000e\000h\000e\000n\000s\000i\000v\000e\000\040\000S\000o\000l\000v\000e\000r\000\040\000C\000o\000m\000p\000a\000r\000i\000s\000o\000n}{chapter.7}% 107
\BOOKMARK [2][-]{subsection.7.4.1}{\376\377\0007\000.\0004\000.\0001\000.\000\040\000B\000e\000n\000c\000h\000m\000a\000r\000k\000\040\000S\000e\000t\000u\000p}{section.7.4}% 108
\BOOKMARK [2][-]{subsection.7.4.2}{\376\377\0007\000.\0004\000.\0002\000.\000\040\000S\000o\000l\000v\000e\000r\000\040\000C\000o\000m\000p\000a\000r\000i\000s\000o\000n\000\040\000o\000n\000\040\000S\000y\000n\000t\000h\000e\000t\000i\000c\000\040\000D\000a\000t\000a}{section.7.4}% 109
\BOOKMARK [2][-]{subsection.7.4.3}{\376\377\0007\000.\0004\000.\0003\000.\000\040\000H\000a\000r\000d\000w\000a\000r\000e\000\040\000P\000r\000o\000f\000i\000l\000i\000n\000g\000\040\000A\000n\000a\000l\000y\000s\000i\000s}{section.7.4}% 110
\BOOKMARK [1][-]{section.7.5}{\376\377\0007\000.\0005\000.\000\040\000C\000o\000m\000p\000a\000r\000i\000s\000o\000n\000\040\000t\000o\000\040\000B\000a\000s\000e\000l\000i\000n\000e\000s\000\040\000\050\000L\000e\000g\000a\000c\000y\000\051}{chapter.7}% 111
\BOOKMARK [2][-]{subsection.7.5.1}{\376\377\0007\000.\0005\000.\0001\000.\000\040\000E\000x\000t\000e\000n\000d\000e\000d\000\040\000A\000n\000a\000l\000y\000s\000i\000s\000:\000\040\000D\000i\000s\000t\000r\000i\000b\000u\000t\000i\000o\000n\000\040\000a\000n\000d\000\040\000E\000f\000f\000i\000c\000i\000e\000n\000c\000y}{section.7.5}% 112
\BOOKMARK [0][-]{chapter.8}{\376\377\0008\000.\000\040\000I\000n\000d\000i\000a\000'\000s\000\040\000O\000p\000p\000o\000r\000t\000u\000n\000i\000t\000y\000\040\000i\000n\000\040\000N\000e\000u\000r\000o\000m\000o\000r\000p\000h\000i\000c\000\040\000M\000a\000n\000u\000f\000a\000c\000t\000u\000r\000i\000n\000g}{}% 113
\BOOKMARK [1][-]{section.8.1}{\376\377\0008\000.\0001\000.\000\040\000H\000i\000s\000t\000o\000r\000i\000c\000a\000l\000\040\000P\000a\000r\000a\000l\000l\000e\000l\000:\000\040\000M\000o\000b\000i\000l\000e\000\040\000R\000e\000v\000o\000l\000u\000t\000i\000o\000n}{chapter.8}% 114
\BOOKMARK [1][-]{section.8.2}{\376\377\0008\000.\0002\000.\000\040\000N\000e\000u\000r\000o\000m\000o\000r\000p\000h\000i\000c\000\040\000M\000a\000n\000u\000f\000a\000c\000t\000u\000r\000i\000n\000g\000:\000\040\000A\000\040\000U\000n\000i\000q\000u\000e\000\040\000W\000i\000n\000d\000o\000w}{chapter.8}% 115
\BOOKMARK [1][-]{section.8.3}{\376\377\0008\000.\0003\000.\000\040\000I\000n\000d\000i\000a\000'\000s\000\040\000S\000t\000r\000a\000t\000e\000g\000i\000c\000\040\000A\000s\000s\000e\000t\000s\000\040\000f\000o\000r\000\040\000N\000e\000u\000r\000o\000m\000o\000r\000p\000h\000i\000c\000\040\000L\000e\000a\000d\000e\000r\000s\000h\000i\000p}{chapter.8}% 116
\BOOKMARK [2][-]{subsection.8.3.1}{\376\377\0008\000.\0003\000.\0001\000.\000\040\000T\000a\000l\000e\000n\000t\000\040\000a\000n\000d\000\040\000E\000d\000u\000c\000a\000t\000i\000o\000n}{section.8.3}% 117
\BOOKMARK [2][-]{subsection.8.3.2}{\376\377\0008\000.\0003\000.\0002\000.\000\040\000M\000a\000n\000u\000f\000a\000c\000t\000u\000r\000i\000n\000g\000\040\000a\000n\000d\000\040\000S\000o\000f\000t\000w\000a\000r\000e\000\040\000E\000c\000o\000s\000y\000s\000t\000e\000m}{section.8.3}% 118
\BOOKMARK [2][-]{subsection.8.3.3}{\376\377\0008\000.\0003\000.\0003\000.\000\040\000C\000o\000m\000p\000e\000t\000i\000t\000i\000v\000e\000\040\000E\000c\000o\000n\000o\000m\000i\000c\000s}{section.8.3}% 119
\BOOKMARK [2][-]{subsection.8.3.4}{\376\377\0008\000.\0003\000.\0004\000.\000\040\000P\000o\000l\000i\000c\000y\000\040\000a\000n\000d\000\040\000S\000t\000r\000a\000t\000e\000g\000i\000c\000\040\000A\000m\000b\000i\000t\000i\000o\000n}{section.8.3}% 120
\BOOKMARK [1][-]{section.8.4}{\376\377\0008\000.\0004\000.\000\040\000T\000e\000c\000h\000n\000i\000c\000a\000l\000\040\000R\000o\000a\000d\000m\000a\000p\000:\000\040\000I\000n\000d\000i\000a\000'\000s\000\040\000P\000a\000t\000h\000\040\000t\000o\000\040\000N\000e\000u\000r\000o\000m\000o\000r\000p\000h\000i\000c\000\040\000L\000e\000a\000d\000e\000r\000s\000h\000i\000p\000\040\000\050\0002\0000\0002\0006\040\023\0002\0000\0003\0005\000\051}{chapter.8}% 121
\BOOKMARK [1][-]{section.8.5}{\376\377\0008\000.\0005\000.\000\040\000P\000o\000l\000i\000c\000y\000\040\000R\000e\000c\000o\000m\000m\000e\000n\000d\000a\000t\000i\000o\000n\000s\000\040\000f\000o\000r\000\040\000N\000e\000u\000r\000o\000m\000o\000r\000p\000h\000i\000c\000\040\000L\000e\000a\000d\000e\000r\000s\000h\000i\000p}{chapter.8}% 122
\BOOKMARK [2][-]{subsection.8.5.1}{\376\377\0008\000.\0005\000.\0001\000.\000\040\000F\000u\000n\000d\000i\000n\000g\000\040\000a\000n\000d\000\040\000F\000i\000n\000a\000n\000c\000i\000a\000l\000\040\000I\000n\000c\000e\000n\000t\000i\000v\000e\000s}{section.8.5}% 123
\BOOKMARK [2][-]{subsection.8.5.2}{\376\377\0008\000.\0005\000.\0002\000.\000\040\000A\000c\000a\000d\000e\000m\000i\000c\000-\000I\000n\000d\000u\000s\000t\000r\000y\000\040\000I\000n\000t\000e\000g\000r\000a\000t\000i\000o\000n}{section.8.5}% 124
\BOOKMARK [2][-]{subsection.8.5.3}{\376\377\0008\000.\0005\000.\0003\000.\000\040\000I\000n\000t\000e\000r\000n\000a\000t\000i\000o\000n\000a\000l\000\040\000P\000a\000r\000t\000n\000e\000r\000s\000h\000i\000p\000s\000\040\000a\000n\000d\000\040\000I\000n\000t\000e\000l\000l\000e\000c\000t\000u\000a\000l\000\040\000P\000r\000o\000p\000e\000r\000t\000y}{section.8.5}% 125
\BOOKMARK [2][-]{subsection.8.5.4}{\376\377\0008\000.\0005\000.\0004\000.\000\040\000S\000u\000p\000p\000l\000y\000\040\000C\000h\000a\000i\000n\000\040\000a\000n\000d\000\040\000E\000c\000o\000s\000y\000s\000t\000e\000m\000\040\000D\000e\000v\000e\000l\000o\000p\000m\000e\000n\000t}{section.8.5}% 126
\BOOKMARK [1][-]{section.8.6}{\376\377\0008\000.\0006\000.\000\040\000V\000i\000s\000i\000o\000n\000:\000\040\000I\000n\000d\000i\000a\000\040\000a\000s\000\040\000t\000h\000e\000\040\000G\000l\000o\000b\000a\000l\000\040\000N\000e\000u\000r\000o\000m\000o\000r\000p\000h\000i\000c\000\040\000H\000u\000b\000\040\000b\000y\000\040\0002\0000\0003\0005}{chapter.8}% 127
\BOOKMARK [0][-]{chapter.9}{\376\377\0009\000.\000\040\000C\000o\000n\000c\000l\000u\000s\000i\000o\000n\000\040\000a\000n\000d\000\040\000F\000u\000t\000u\000r\000e\000\040\000W\000o\000r\000k}{}% 128
\BOOKMARK [1][-]{section.9.1}{\376\377\0009\000.\0001\000.\000\040\000S\000u\000m\000m\000a\000r\000y\000:\000\040\000T\000w\000o\000\040\000N\000e\000u\000r\000o\000m\000o\000r\000p\000h\000i\000c\000\040\000S\000o\000l\000u\000t\000i\000o\000n\000s\000\040\000f\000o\000r\000\040\000R\000e\000a\000l\000-\000T\000i\000m\000e\000\040\000R\000o\000b\000o\000t\000i\000c\000s}{chapter.9}% 129
\BOOKMARK [2][-]{subsection.9.1.1}{\376\377\0009\000.\0001\000.\0001\000.\000\040\000O\000I\000M\000-\000M\000R\000T\000A\000:\000\040\000C\000o\000a\000l\000i\000t\000i\000o\000n\000\040\000T\000a\000s\000k\000\040\000A\000l\000l\000o\000c\000a\000t\000i\000o\000n\000\040\000v\000i\000a\000\040\000O\000s\000c\000i\000l\000l\000a\000t\000o\000r\000\040\000I\000s\000i\000n\000g\000\040\000M\000a\000c\000h\000i\000n\000e\000s}{section.9.1}% 130
\BOOKMARK [2][-]{subsection.9.1.2}{\376\377\0009\000.\0001\000.\0002\000.\000\040\000S\000N\000N\000-\000M\000P\000C\000:\000\040\000M\000o\000d\000e\000l\000\040\000P\000r\000e\000d\000i\000c\000t\000i\000v\000e\000\040\000C\000o\000n\000t\000r\000o\000l\000\040\000v\000i\000a\000\040\000S\000p\000i\000k\000i\000n\000g\000\040\000N\000e\000u\000r\000a\000l\000\040\000N\000e\000t\000w\000o\000r\000k\000s}{section.9.1}% 131
\BOOKMARK [2][-]{subsection.9.1.3}{\376\377\0009\000.\0001\000.\0003\000.\000\040\000R\000e\000p\000r\000o\000d\000u\000c\000i\000b\000i\000l\000i\000t\000y\000\040\000a\000n\000d\000\040\000V\000a\000l\000i\000d\000a\000t\000i\000o\000n}{section.9.1}% 132
\BOOKMARK [1][-]{section.9.2}{\376\377\0009\000.\0002\000.\000\040\000H\000o\000n\000e\000s\000t\000\040\000A\000s\000s\000e\000s\000s\000m\000e\000n\000t\000:\000\040\000C\000o\000n\000t\000r\000i\000b\000u\000t\000i\000o\000n\000s\000,\000\040\000L\000i\000m\000i\000t\000a\000t\000i\000o\000n\000s\000,\000\040\000a\000n\000d\000\040\000C\000a\000v\000e\000a\000t\000s}{chapter.9}% 133
\BOOKMARK [2][-]{subsection.9.2.1}{\376\377\0009\000.\0002\000.\0001\000.\000\040\000V\000a\000l\000i\000d\000a\000t\000e\000d\000\040\000C\000o\000n\000t\000r\000i\000b\000u\000t\000i\000o\000n\000s}{section.9.2}% 134
\BOOKMARK [2][-]{subsection.9.2.2}{\376\377\0009\000.\0002\000.\0002\000.\000\040\000K\000n\000o\000w\000n\000\040\000L\000i\000m\000i\000t\000a\000t\000i\000o\000n\000s\000\040\000a\000n\000d\000\040\000C\000a\000v\000e\000a\000t\000s}{section.9.2}% 135
\BOOKMARK [2][-]{subsection.9.2.3}{\376\377\0009\000.\0002\000.\0003\000.\000\040\000I\000n\000t\000e\000r\000p\000r\000e\000t\000a\000t\000i\000o\000n\000\040\000o\000f\000\040\000R\000e\000s\000u\000l\000t\000s}{section.9.2}% 136
\BOOKMARK [1][-]{section.9.3}{\376\377\0009\000.\0003\000.\000\040\000F\000u\000t\000u\000r\000e\000\040\000W\000o\000r\000k\000:\000\040\000F\000r\000o\000m\000\040\000T\000h\000e\000o\000r\000y\000\040\000t\000o\000\040\000P\000r\000a\000c\000t\000i\000c\000e}{chapter.9}% 137
\BOOKMARK [2][-]{subsection.9.3.1}{\376\377\0009\000.\0003\000.\0001\000.\000\040\000I\000m\000m\000e\000d\000i\000a\000t\000e\000\040\000N\000e\000x\000t\000\040\000S\000t\000e\000p\000s\000\040\000\050\0002\0000\0002\0006\000\051}{section.9.3}% 138
\BOOKMARK [2][-]{subsection.9.3.2}{\376\377\0009\000.\0003\000.\0002\000.\000\040\000M\000e\000d\000i\000u\000m\000-\000t\000e\000r\000m\000\040\000D\000e\000v\000e\000l\000o\000p\000m\000e\000n\000t\000\040\000\050\0002\0000\0002\0007\040\023\0002\0000\0002\0009\000\051}{section.9.3}% 139
\BOOKMARK [2][-]{subsection.9.3.3}{\376\377\0009\000.\0003\000.\0003\000.\000\040\000L\000o\000n\000g\000-\000t\000e\000r\000m\000\040\000V\000i\000s\000i\000o\000n\000\040\000\050\0002\0000\0003\0000\000+\000\051}{section.9.3}% 140
\BOOKMARK [1][-]{section.9.4}{\376\377\0009\000.\0004\000.\000\040\000C\000l\000o\000s\000i\000n\000g\000\040\000R\000e\000f\000l\000e\000c\000t\000i\000o\000n\000:\000\040\000T\000h\000e\000\040\000B\000i\000t\000s\000-\000t\000o\000-\000A\000t\000o\000m\000s\000\040\000V\000i\000s\000i\000o\000n}{chapter.9}% 141
\BOOKMARK [2][-]{subsection.9.4.1}{\376\377\0009\000.\0004\000.\0001\000.\000\040\000T\000h\000e\000\040\000C\000e\000n\000t\000r\000a\000l\000\040\000Q\000u\000e\000s\000t\000i\000o\000n}{section.9.4}% 142
\BOOKMARK [2][-]{subsection.9.4.2}{\376\377\0009\000.\0004\000.\0002\000.\000\040\000W\000h\000y\000\040\000T\000h\000i\000s\000\040\000M\000a\000t\000t\000e\000r\000s\000\040\000f\000o\000r\000\040\000R\000o\000b\000o\000t\000i\000c\000s}{section.9.4}% 143
\BOOKMARK [2][-]{subsection.9.4.3}{\376\377\0009\000.\0004\000.\0003\000.\000\040\000F\000r\000o\000m\000\040\000P\000r\000o\000o\000f\000\040\000t\000o\000\040\000P\000r\000a\000c\000t\000i\000c\000e}{section.9.4}% 144
\BOOKMARK [2][-]{subsection.9.4.4}{\376\377\0009\000.\0004\000.\0004\000.\000\040\000B\000e\000y\000o\000n\000d\000\040\000O\000p\000t\000i\000m\000i\000z\000a\000t\000i\000o\000n\000:\000\040\000T\000o\000w\000a\000r\000d\000\040\000C\000o\000g\000n\000i\000t\000i\000v\000e\000\040\000S\000y\000s\000t\000e\000m\000s}{section.9.4}% 145
\BOOKMARK [2][-]{subsection.9.4.5}{\376\377\0009\000.\0004\000.\0005\000.\000\040\000A\000\040\000W\000o\000r\000d\000\040\000o\000n\000\040\000R\000e\000s\000p\000o\000n\000s\000i\000b\000i\000l\000i\000t\000y}{section.9.4}% 146
\BOOKMARK [2][-]{subsection.9.4.6}{\376\377\0009\000.\0004\000.\0006\000.\000\040\000F\000i\000n\000a\000l\000\040\000W\000o\000r\000d\000s}{section.9.4}% 147
\BOOKMARK [0][-]{chapter*.65}{\376\377\000B\000i\000b\000l\000i\000o\000g\000r\000a\000p\000h\000y}{}% 148
\BOOKMARK [0][-]{appendix.A}{\376\377\000A\000.\000\040\000M\000e\000t\000a\000-\000I\000n\000s\000t\000r\000u\000c\000t\000i\000o\000n\000s\000\040\000f\000o\000r\000\040\000t\000h\000e\000\040\000A\000g\000e\000n\000t\000\040\000A\000r\000m\000y}{}% 149
\BOOKMARK [1][-]{section.A.1}{\376\377\000A\000.\0001\000.\000\040\000P\000u\000r\000p\000o\000s\000e}{appendix.A}% 150
\BOOKMARK [1][-]{section.A.2}{\376\377\000A\000.\0002\000.\000\040\000K\000e\000y\000\040\000R\000u\000l\000e\000s}{appendix.A}% 151
\BOOKMARK [1][-]{section.A.3}{\376\377\000A\000.\0003\000.\000\040\000R\000e\000p\000r\000o\000d\000u\000c\000i\000b\000i\000l\000i\000t\000y\000\040\000A\000r\000t\000i\000f\000a\000c\000t\000s}{appendix.A}% 152
\BOOKMARK [1][-]{section.A.4}{\376\377\000A\000.\0004\000.\000\040\000N\000a\000r\000r\000a\000t\000i\000v\000e\000\040\000I\000n\000t\000e\000n\000t}{appendix.A}% 153
\BOOKMARK [0][-]{appendix.A}{\376\377\000A\000.\000\040\000Q\000U\000B\000O\000\040\000F\000o\000r\000m\000u\000l\000a\000t\000i\000o\000n\000\040\000a\000n\000d\000\040\000P\000r\000o\000o\000f}{}% 154
\BOOKMARK [1][-]{section.A.1}{\376\377\000A\000.\0001\000.\000\040\000B\000i\000n\000a\000r\000y\000\040\000t\000o\000\040\000I\000s\000i\000n\000g\000\040\000C\000o\000n\000v\000e\000r\000s\000i\000o\000n}{appendix.A}% 155
\BOOKMARK [1][-]{section.A.2}{\376\377\000A\000.\0002\000.\000\040\000T\000h\000e\000o\000r\000e\000m\000\040\000\050\000P\000e\000n\000a\000l\000t\000y\000\040\000S\000u\000f\000f\000i\000c\000i\000e\000n\000c\000y\000\051}{appendix.A}% 156
\BOOKMARK [0][-]{appendix.B}{\376\377\000B\000.\000\040\000I\000s\000i\000n\000g\000\040\000C\000o\000u\000p\000l\000i\000n\000g\000\040\000S\000i\000g\000n\000s\000\040\000a\000n\000d\000\040\000P\000h\000y\000s\000i\000c\000a\000l\000\040\000I\000n\000t\000e\000r\000p\000r\000e\000t\000a\000t\000i\000o\000n}{}% 157
\BOOKMARK [1][-]{section.B.1}{\376\377\000B\000.\0001\000.\000\040\000A\000n\000t\000i\000-\000f\000e\000r\000r\000o\000m\000a\000g\000n\000e\000t\000i\000c\000\040\000C\000o\000u\000p\000l\000i\000n\000g}{appendix.B}% 158
\BOOKMARK [1][-]{section.B.2}{\376\377\000B\000.\0002\000.\000\040\000E\000x\000t\000e\000r\000n\000a\000l\000\040\000F\000i\000e\000l\000d\000s}{appendix.B}% 159
\BOOKMARK [0][-]{appendix.C}{\376\377\000C\000.\000\040\000P\000I\000P\000G\000\040\000A\000l\000g\000o\000r\000i\000t\000h\000m\000\040\000a\000n\000d\000\040\000C\000o\000n\000v\000e\000r\000g\000e\000n\000c\000e}{}% 160
\BOOKMARK [1][-]{section.C.1}{\376\377\000C\000.\0001\000.\000\040\000A\000l\000g\000o\000r\000i\000t\000h\000m\000\040\000S\000t\000a\000t\000e\000m\000e\000n\000t}{appendix.C}% 161
\BOOKMARK [1][-]{section.C.2}{\376\377\000C\000.\0002\000.\000\040\000C\000o\000n\000v\000e\000r\000g\000e\000n\000c\000e\000\040\000R\000a\000t\000e}{appendix.C}% 162
\BOOKMARK [1][-]{section.C.3}{\376\377\000C\000.\0003\000.\000\040\000N\000e\000u\000r\000o\000m\000o\000r\000p\000h\000i\000c\000\040\000M\000a\000p\000p\000i\000n\000g}{appendix.C}% 163
